ℹ Testing VedicDateTime
Error in install.packages : Updating loaded packages
✔ | F W S  OK | Context
✔ |         1 | ahargana
✔ |         1 | gregorian_to_jd
✔ |         1 | jd_to_gregorian
✔ |         1 | karana
✔ |         1 | lagna
✔ |         1 | masa
✔ |         1 | moon_longtitude
✔ |         1 | moonrise
✔ |         1 | moonset
✔ |         1 | nakshatra
✔ |         1 | rashi
✔ |         1 | ritu
✔ |         1 | samvatsara
✔ |         1 | sun_longtitude
✔ |         1 | sunrise
✔ |         1 | sunset
✔ |         1 | tithi
✔ |         1 | vaara
✔ |         1 | yoga

══ Results ══════════════════════════════════════════════════════════════════════════════════════════════════════════════════════════
Duration: 0.2 s

[ FAIL 0 | WARN 0 | SKIP 0 | PASS 19 ]
